// Jest Snapshot v1, https://goo.gl/fbAQLP

exports[`MyImpact component snapshot renders correctly 1`] = `
<section
  className="impact"
>
  <h1
    className="impact__title"
  >
    impact.title
  </h1>
  <div>
    <h2
      className="impact_total"
    >
      impact.noCallsYet
    </h2>
  </div>
  <ContextConsumer>
    <Component />
  </ContextConsumer>
</section>
`;
